array('uri_string' => 'pizza/big22', 'flavour' => 'big22')
